{"time":"2022-05-30T22:39:38+08:00","file":"/Volumes/2Tmac/github/mine/logie/logie.go:447","func":"main.main","message":"custom log with json formatter","level":"Info"}
